// Jest Snapshot v1, https://goo.gl/fbAQLP

exports[`App Render App 1`] = `
<div
  className="flex justify-around mt-8 shadow-lg w-3/4 border-4 border-transparent hover:shadow-2xl transition hover:scale-110 duration:300ms"
  id="reservation-1"
>
  <div>
    <img
      alt="John Doe"
      className="w-20 h-20 m-auto object-contain rounded-full bg-custom-green-500"
      src="https://i.imgur.com/w3duR07.jpg"
    />
  </div>
  <div
    className="flex items-center"
  >
    <div
      className="text-center"
    >
      <p
        className="flex justify-around"
      >
        You reserved:
        <b>
          John Doe
        </b>
      </p>
      <p>
        From December 01
               to January 02
      </p>
      <p
        className="flex justify-around"
      >
        Total cost:
        <b>
          $100
        </b>
      </p>
      <p
        className="text-custom-grey-500"
      >
        (Reserved on 01 / 01 / 2019)
      </p>
    </div>
  </div>
  <div
    className="flex items-center justify-center"
  >
    <button
      className="bg-custom-white-500 text-custom-grey-500 border border-custom-green-500 hover:bg-red-500 hover:text-white hover:border-red-500 font-bold py-2 px-4 rounded focus:outline-none"
      onClick={[Function]}
      type="button"
    >
      Delete
    </button>
  </div>
</div>
`;
